------------------------------------------------------------
TimeQuest Timing Analyzer Summary
------------------------------------------------------------

Type  : Slow Model Setup 'clk'
Slack : -4.755
TNS   : -90.005

Type  : Slow Model Setup 'clock'
Slack : -0.253
TNS   : -1.054

Type  : Slow Model Hold 'clk'
Slack : -2.543
TNS   : -2.543

Type  : Slow Model Hold 'clock'
Slack : 0.531
TNS   : 0.000

Type  : Slow Model Minimum Pulse Width 'clk'
Slack : -1.380
TNS   : -34.380

Type  : Slow Model Minimum Pulse Width 'clock'
Slack : -0.500
TNS   : -7.000

Type  : Fast Model Setup 'clk'
Slack : -1.669
TNS   : -26.674

Type  : Fast Model Setup 'clock'
Slack : 0.423
TNS   : 0.000

Type  : Fast Model Hold 'clk'
Slack : -1.588
TNS   : -1.588

Type  : Fast Model Hold 'clock'
Slack : 0.244
TNS   : 0.000

Type  : Fast Model Minimum Pulse Width 'clk'
Slack : -1.380
TNS   : -34.380

Type  : Fast Model Minimum Pulse Width 'clock'
Slack : -0.500
TNS   : -7.000

------------------------------------------------------------
